warning: the feature `specialization` is incomplete and may not be safe to use and/or cause compiler crashes
 --> $DIR/lib.rs:1:12
  |
1 | #![feature(specialization)]
  |            ^^^^^^^^^^^^^^
  |
  = note: `#[warn(incomplete_features)]` on by default
  = note: see issue #31844 <https://github.com/rust-lang/rust/issues/31844> for more information

warning: the feature `specialization` is incomplete and may not be safe to use and/or cause compiler crashes
 --> $DIR/lib.rs:1:12
  |
1 | #![feature(specialization)]
  |            ^^^^^^^^^^^^^^
  |
  = note: `#[warn(incomplete_features)]` on by default
  = note: see issue #31844 <https://github.com/rust-lang/rust/issues/31844> for more information

warning: trait objects without an explicit `dyn` are deprecated
   --> $DIR/uri_display.rs:299:43
    |
299 | impl<'a, P: UriPart> fmt::Display for &'a UriDisplay<P> {
    |                                           ^^^^^^^^^^^^^ help: use `dyn`: `dyn UriDisplay<P>`
    |
    = note: `#[warn(bare_trait_objects)]` on by default

warning: trait objects without an explicit `dyn` are deprecated
   --> $DIR/uri_display.rs:299:43
    |
299 | impl<'a, P: UriPart> fmt::Display for &'a UriDisplay<P> {
    |                                           ^^^^^^^^^^^^^ help: use `dyn`: `dyn UriDisplay<P>`
    |
    = note: `#[warn(bare_trait_objects)]` on by default

warning: `...` range patterns are deprecated
 --> $DIR/checkers.rs:9:12
  |
9 |         '0'...'9' | 'A'...'Z' | '^'...'~' | '#'...'\''
  |            ^^^ help: use `..=` for an inclusive range
  |
  = note: `#[warn(ellipsis_inclusive_range_patterns)]` on by default

warning: `...` range patterns are deprecated
 --> $DIR/checkers.rs:9:12
  |
9 |         '0'...'9' | 'A'...'Z' | '^'...'~' | '#'...'\''
  |            ^^^ help: use `..=` for an inclusive range
  |
  = note: `#[warn(ellipsis_inclusive_range_patterns)]` on by default

warning: `...` range patterns are deprecated
 --> $DIR/checkers.rs:9:24
  |
9 |         '0'...'9' | 'A'...'Z' | '^'...'~' | '#'...'\''
  |                        ^^^ help: use `..=` for an inclusive range

warning: `...` range patterns are deprecated
 --> $DIR/checkers.rs:9:24
  |
9 |         '0'...'9' | 'A'...'Z' | '^'...'~' | '#'...'\''
  |                        ^^^ help: use `..=` for an inclusive range

warning: `...` range patterns are deprecated
 --> $DIR/checkers.rs:9:36
  |
9 |         '0'...'9' | 'A'...'Z' | '^'...'~' | '#'...'\''
  |                                    ^^^ help: use `..=` for an inclusive range

warning: `...` range patterns are deprecated
 --> $DIR/checkers.rs:9:36
  |
9 |         '0'...'9' | 'A'...'Z' | '^'...'~' | '#'...'\''
  |                                    ^^^ help: use `..=` for an inclusive range

warning: `...` range patterns are deprecated
 --> $DIR/checkers.rs:9:48
  |
9 |         '0'...'9' | 'A'...'Z' | '^'...'~' | '#'...'\''
  |                                                ^^^ help: use `..=` for an inclusive range

warning: 6 warnings emitted

warning: `...` range patterns are deprecated
 --> $DIR/checkers.rs:9:48
  |
9 |         '0'...'9' | 'A'...'Z' | '^'...'~' | '#'...'\''
  |                                                ^^^ help: use `..=` for an inclusive range

warning: 6 warnings emitted

warning: the feature `specialization` is incomplete and may not be safe to use and/or cause compiler crashes
 --> $DIR/lib.rs:1:12
  |
1 | #![feature(specialization)]
  |            ^^^^^^^^^^^^^^
  |
  = note: `#[warn(incomplete_features)]` on by default
  = note: see issue #31844 <https://github.com/rust-lang/rust/issues/31844> for more information

warning: trait objects without an explicit `dyn` are deprecated
   --> $DIR/response.rs:563:27
    |
563 |     body: Option<Body<Box<io::Read + 'r>>>,
    |                           ^^^^^^^^^^^^^ help: use `dyn`: `dyn io::Read + 'r`
    |
    = note: `#[warn(bare_trait_objects)]` on by default

warning: trait objects without an explicit `dyn` are deprecated
   --> $DIR/response.rs:892:48
    |
892 |     pub fn body(&mut self) -> Option<Body<&mut io::Read>> {
    |                                                ^^^^^^^^ help: use `dyn`: `dyn io::Read`

warning: trait objects without an explicit `dyn` are deprecated
   --> $DIR/response.rs:969:52
    |
969 |     pub fn take_body(&mut self) -> Option<Body<Box<io::Read + 'r>>> {
    |                                                    ^^^^^^^^^^^^^ help: use `dyn`: `dyn io::Read + 'r`

warning: `...` range patterns are deprecated
  --> $DIR/toml_ext.rs:27:12
   |
27 |         '0'...'9' | 'A'...'Z' | 'a'...'z' | '_' | '-' => true,
   |            ^^^ help: use `..=` for an inclusive range
   |
   = note: `#[warn(ellipsis_inclusive_range_patterns)]` on by default

warning: `...` range patterns are deprecated
  --> $DIR/toml_ext.rs:27:24
   |
27 |         '0'...'9' | 'A'...'Z' | 'a'...'z' | '_' | '-' => true,
   |                        ^^^ help: use `..=` for an inclusive range

warning: `...` range patterns are deprecated
  --> $DIR/toml_ext.rs:27:36
   |
27 |         '0'...'9' | 'A'...'Z' | 'a'...'z' | '_' | '-' => true,
   |                                    ^^^ help: use `..=` for an inclusive range

warning: trait objects without an explicit `dyn` are deprecated
  --> $DIR/data.rs:18:63
   |
18 |     self::HttpReader<&'a mut hyper::buffer::BufReader<&'b mut NetworkStream>>;
   |                                                               ^^^^^^^^^^^^^ help: use `dyn`: `dyn NetworkStream`

warning: trait objects without an explicit `dyn` are deprecated
   --> $DIR/data.rs:108:41
    |
108 |         fn concrete_stream(stream: &mut NetworkStream) -> Option<NetStream> {
    |                                         ^^^^^^^^^^^^^ help: use `dyn`: `dyn NetworkStream`

warning: trait objects without an explicit `dyn` are deprecated
   --> $DIR/handler.rs:155:36
    |
155 |     fn clone_handler(&self) -> Box<Handler>;
    |                                    ^^^^^^^ help: use `dyn`: `dyn Handler`

warning: trait objects without an explicit `dyn` are deprecated
   --> $DIR/handler.rs:160:36
    |
160 |     fn clone_handler(&self) -> Box<Handler> {
    |                                    ^^^^^^^ help: use `dyn`: `dyn Handler`

warning: trait objects without an explicit `dyn` are deprecated
   --> $DIR/handler.rs:165:20
    |
165 | impl Clone for Box<Handler> {
    |                    ^^^^^^^ help: use `dyn`: `dyn Handler`

warning: trait objects without an explicit `dyn` are deprecated
   --> $DIR/handler.rs:167:28
    |
167 |     fn clone(&self) -> Box<Handler> {
    |                            ^^^^^^^ help: use `dyn`: `dyn Handler`

warning: trait objects without an explicit `dyn` are deprecated
 --> $DIR/fairings.rs:8:27
  |
8 |     all_fairings: Vec<Box<Fairing>>,
  |                           ^^^^^^^ help: use `dyn`: `dyn Fairing`

warning: trait objects without an explicit `dyn` are deprecated
  --> $DIR/fairings.rs:22:43
   |
22 |     pub fn attach(&mut self, fairing: Box<Fairing>, mut rocket: Rocket) -> Rocket {
   |                                           ^^^^^^^ help: use `dyn`: `dyn Fairing`

warning: trait objects without an explicit `dyn` are deprecated
  --> $DIR/fairings.rs:35:36
   |
35 |     fn add(&mut self, fairing: Box<Fairing>) {
   |                                    ^^^^^^^ help: use `dyn`: `dyn Fairing`

warning: trait objects without an explicit `dyn` are deprecated
  --> $DIR/error.rs:30:17
   |
30 |     Unknown(Box<::std::error::Error + Send + Sync>)
   |                 ^^^^^^^^^^^^^^^^^^^^^^^^^^^^^^^^^ help: use `dyn`: `dyn ::std::error::Error + Send + Sync`

warning: trait objects without an explicit `dyn` are deprecated
  --> $DIR/route.rs:22:22
   |
22 |     pub handler: Box<Handler>,
   |                      ^^^^^^^ help: use `dyn`: `dyn Handler`

warning: 18 warnings emitted

error[E0277]: the trait bound `usize: Responder<'_>` is not satisfied
 --> $DIR/catch_type_errors.rs:6:30
  |
6 | fn f1(_request: &Request) -> usize {
  |                              ^^^^^ the trait `Responder<'_>` is not implemented for `usize`
  |
  = note: required by `respond_to`

error[E0277]: the trait bound `bool: Responder<'_>` is not satisfied
  --> $DIR/catch_type_errors.rs:12:30
   |
12 | fn f2(_request: &Request) -> bool {
   |                              ^^^^ the trait `Responder<'_>` is not implemented for `bool`
   |
   = note: required by `respond_to`

error[E0308]: mismatched types
  --> $DIR/catch_type_errors.rs:18:7
   |
17 | #[catch(404)]
   | ------------- expected due to this
18 | fn f3(_request: bool) -> usize {
   |       ^^^^^^^^^^^^^^ expected `&rocket::Request<'_>`, found `bool`
   |
   = note: expected fn pointer `for<'r, 's> fn(&'r rocket::Request<'s>) -> _`
                 found fn item `fn(bool) -> usize {f3}`

error[E0277]: the trait bound `usize: Responder<'_>` is not satisfied
  --> $DIR/catch_type_errors.rs:24:12
   |
24 | fn f4() -> usize {
   |            ^^^^^ the trait `Responder<'_>` is not implemented for `usize`
   |
   = note: required by `respond_to`
